// Jest Snapshot v1, https://goo.gl/fbAQLP

exports[`renders correctly 1`] = `ReactWrapper {}`;

exports[`renders correctly with data loaded 1`] = `ReactWrapper {}`;
